usbh_conf.c:63:6:HAL_HCD_MspInit	48	static
usbh_conf.c:103:6:HAL_HCD_MspDeInit	16	static
usbh_conf.c:135:6:HAL_HCD_SOF_Callback	16	static
usbh_conf.c:145:6:HAL_HCD_Connect_Callback	16	static
usbh_conf.c:155:6:HAL_HCD_Disconnect_Callback	16	static
usbh_conf.c:167:6:HAL_HCD_HC_NotifyURBChange_Callback	16	static
usbh_conf.c:179:6:HAL_HCD_PortEnabled_Callback	16	static
usbh_conf.c:189:6:HAL_HCD_PortDisabled_Callback	16	static
usbh_conf.c:203:20:USBH_LL_Init	16	static
usbh_conf.c:232:20:USBH_LL_DeInit	24	static
usbh_conf.c:249:20:USBH_LL_Start	24	static
usbh_conf.c:266:20:USBH_LL_Stop	24	static
usbh_conf.c:283:19:USBH_LL_GetSpeed	24	static
usbh_conf.c:313:20:USBH_LL_ResetPort	24	static
usbh_conf.c:331:10:USBH_LL_GetLastXferSize	16	static
usbh_conf.c:347:20:USBH_LL_OpenPipe	48	static
usbh_conf.c:367:20:USBH_LL_ClosePipe	24	static
usbh_conf.c:406:20:USBH_LL_SubmitURB	48	static
usbh_conf.c:435:22:USBH_LL_GetURBState	16	static
usbh_conf.c:449:20:USBH_LL_DriverVBUS	16	static
usbh_conf.c:470:20:USBH_LL_SetToggle	24	static
usbh_conf.c:493:9:USBH_LL_GetToggle	24	static
usbh_conf.c:515:6:USBH_Delay	16	static
usbh_conf.c:525:20:USBH_Get_USB_Status	24	static
